// Jest Snapshot v1, https://goo.gl/fbAQLP

exports[`Puebas en el componente <GifExpertApp /> Debe de mostra las categor√≠as enviadas 1`] = `
<Fragment>
  <h2>
    GifExpertApp
  </h2>
  <AddCategory
    setCategories={[Function]}
  />
  <hr />
  <ol>
    <GifGrid
      category="One Piece"
      key="One Piece"
    />
    <GifGrid
      category="Dragon Ball"
      key="Dragon Ball"
    />
  </ol>
</Fragment>
`;

exports[`Puebas en el componente <GifExpertApp /> Debe de mostrar el componente <GifExpertApp /> correctamente 1`] = `
<Fragment>
  <h2>
    GifExpertApp
  </h2>
  <AddCategory
    setCategories={[Function]}
  />
  <hr />
  <ol />
</Fragment>
`;
