// Jest Snapshot v1, https://goo.gl/fbAQLP

exports[`Pruebas en <GifGridItem /> Debe de mostrar el componente <GifGridItem /> correctamente 1`] = `
<div
  className="card animate__animated animate__pulse"
>
  <img
    alt="Hola Mundo"
    src="http://localhost/image.jpg"
  />
  <p>
    Hola Mundo
  </p>
</div>
`;
